cargo : error: process didn't exit successfully: `rustc -vV` (exit code: 1)
At line:1 char:66
+ ... esktop\StellarLock-1\contracts\token-locker'; cargo test 2>&1 | Out-F ...
+                                                   ~~~~~~~~~~~~~~~
    + CategoryInfo          : NotSpecified: (error: process ... (exit code: 1):String) [] 
   , RemoteException
    + FullyQualifiedErrorId : NativeCommandError
 
--- stderr
error: Missing manifest in toolchain 'stable-x86_64-pc-windows-msvc'

